Return code: 0
STDOUT: upsk 0.1.23

STDERR: 
